{
  "resumed": false,
  "path": "/home/sparc/workdir/longnm/PRISM_FAS_C_LLM_Project/runs/c_ext_q1q2_v1/e7b_smoke/siw_source/SIW_SOURCE_PACKAGE.json",
  "body": {
    "schema_version": "ext-q1q2-e7b-siw-source-package-v1",
    "package_identity": "0f7811b0960d0dd2be7c732aef4107af9c3476eb9b6b9932b4fe32c7a126bb4f",
    "preprocessing_config_hash": "48a120caa6041b3a03b4008642030665f084b5d722a62ca2c01a2a5aa5e0c959",
    "detector_model_sha256": "5838f7fe053675b1c7a08b633df49e7af5495cee0493c7dcf6697200b85b5b91",
    "population_identity": "d05dafb814a98baebd7a5cd004ca0eb92ba798c13a8a6c5b6c90b1919e365c79",
    "split_identity": "b492a5d4d86537016012d5357bc5c4410f77e36409082831ef6703168ee096a1",
    "canonical_video_count": 2,
    "planned_frame_count": 8,
    "successful_crop_count": 0,
    "failure_count": 0,
    "rows": [],
    "smoke": true,
    "target_labels_opened": false,
    "status": "SMOKE"
  },
  "target_access": false,
  "llm_api_calls": 0,
  "rendering_performed": false,
  "training_performed": false,
  "gpat_fitting_performed": false
}
