{
  "resumed": false,
  "path": "/home/sparc/workdir/longnm/PRISM_FAS_C_LLM_Project/runs/c_ext_q1q2_v1/e7b_smoke/casia_target/TARGET_PACKAGE.json",
  "body": {
    "schema_version": "ext-q1q2-e7b-target-package-v1",
    "dataset": "casia_fasd",
    "package_identity": "5996873998daa290498728b4dbd52ab3f91d2ad357e244b7516485f4ec72b457",
    "preprocessing_config_hash": "48a120caa6041b3a03b4008642030665f084b5d722a62ca2c01a2a5aa5e0c959",
    "detector_model_sha256": "5838f7fe053675b1c7a08b633df49e7af5495cee0493c7dcf6697200b85b5b91",
    "canonical_video_count": 2,
    "planned_frame_count": 8,
    "successful_crop_count": 0,
    "failure_count": 0,
    "rows": [],
    "label_free": true,
    "smoke": true,
    "status": "SMOKE"
  },
  "target_access": false,
  "llm_api_calls": 0,
  "rendering_performed": false,
  "training_performed": false,
  "gpat_fitting_performed": false
}
