{
  "resumed": false,
  "path": "/home/sparc/workdir/longnm/PRISM_FAS_C_LLM_Project/runs/c_ext_q1q2_v1/e7b_smoke/siw_source/SIW_SOURCE_PACKAGE.json",
  "body": {
    "schema_version": "ext-q1q2-e7b-siw-source-package-v1",
    "package_identity": "0f7811b0960d0dd2be7c732aef4107af9c3476eb9b6b9932b4fe32c7a126bb4f",
    "preprocessing_config_hash": "48a120caa6041b3a03b4008642030665f084b5d722a62ca2c01a2a5aa5e0c959",
    "detector_model_sha256": "5838f7fe053675b1c7a08b633df49e7af5495cee0493c7dcf6697200b85b5b91",
    "population_identity": "d05dafb814a98baebd7a5cd004ca0eb92ba798c13a8a6c5b6c90b1919e365c79",
    "split_identity": "b492a5d4d86537016012d5357bc5c4410f77e36409082831ef6703168ee096a1",
    "canonical_video_count": 2,
    "planned_frame_count": 8,
    "successful_crop_count": 8,
    "failure_count": 0,
    "rows": [
      {
        "source_video_id": "Live_136",
        "source_project_split": "train",
        "frame_index": 116,
        "timestamp_ms": 3870.5372038705373,
        "selected_frame_reference": null,
        "source_relative_identifier": "Live_136",
        "crop_relative_path": "crops/siw_mv2/1e7010c918bae4399ac3a6e1.jpg",
        "crop_sha256": "06692525bf104de46f9098978185c265c556d16ea539beb1c6c7e0691d874d5a",
        "detector_status": "success",
        "failure_reason": null,
        "status": "success",
        "label_live_spoof": "live",
        "spoof_family": null
      },
      {
        "source_video_id": "Live_391",
        "source_project_split": "train",
        "frame_index": 8,
        "timestamp_ms": 266.93360026693364,
        "selected_frame_reference": null,
        "source_relative_identifier": "Live_391",
        "crop_relative_path": "crops/siw_mv2/5eaf857a4b7157838be970fd.jpg",
        "crop_sha256": "421669f1985c7927bf8171efda770af6d82cf057ed6ab1c0fbdf69a7d89dbea4",
        "detector_status": "success",
        "failure_reason": null,
        "status": "success",
        "label_live_spoof": "live",
        "spoof_family": null
      },
      {
        "source_video_id": "Live_391",
        "source_project_split": "train",
        "frame_index": 116,
        "timestamp_ms": 3870.5372038705373,
        "selected_frame_reference": null,
        "source_relative_identifier": "Live_391",
        "crop_relative_path": "crops/siw_mv2/62e4d5ba13579e0737e7caf6.jpg",
        "crop_sha256": "dd0b51cfcd6a0640d63a2784b225e0b2abaf5a711318b94d48a00cce751147ed",
        "detector_status": "success",
        "failure_reason": null,
        "status": "success",
        "label_live_spoof": "live",
        "spoof_family": null
      },
      {
        "source_video_id": "Live_136",
        "source_project_split": "train",
        "frame_index": 170,
        "timestamp_ms": 5672.339005672339,
        "selected_frame_reference": null,
        "source_relative_identifier": "Live_136",
        "crop_relative_path": "crops/siw_mv2/78db82f53b50a1e1d03da253.jpg",
        "crop_sha256": "e881286383421cae07117a52ef418bba69e5d1eb52913b9ddebf469aa1099d8c",
        "detector_status": "success",
        "failure_reason": null,
        "status": "success",
        "label_live_spoof": "live",
        "spoof_family": null
      },
      {
        "source_video_id": "Live_391",
        "source_project_split": "train",
        "frame_index": 62,
        "timestamp_ms": 2068.7354020687353,
        "selected_frame_reference": null,
        "source_relative_identifier": "Live_391",
        "crop_relative_path": "crops/siw_mv2/a5ae4f442fc4486f70ef9723.jpg",
        "crop_sha256": "9f2c8479699b8692ab8a897463bab127932d1dbdafd1b61d37fe8599ca11fb7d",
        "detector_status": "success",
        "failure_reason": null,
        "status": "success",
        "label_live_spoof": "live",
        "spoof_family": null
      },
      {
        "source_video_id": "Live_391",
        "source_project_split": "train",
        "frame_index": 170,
        "timestamp_ms": 5672.339005672339,
        "selected_frame_reference": null,
        "source_relative_identifier": "Live_391",
        "crop_relative_path": "crops/siw_mv2/d53c740e6e26e4df167e8dc0.jpg",
        "crop_sha256": "b4b59252800bfe58d107bdeed0c39581300c5292ae70cf091f247af71342f8a8",
        "detector_status": "success",
        "failure_reason": null,
        "status": "success",
        "label_live_spoof": "live",
        "spoof_family": null
      },
      {
        "source_video_id": "Live_136",
        "source_project_split": "train",
        "frame_index": 8,
        "timestamp_ms": 266.93360026693364,
        "selected_frame_reference": null,
        "source_relative_identifier": "Live_136",
        "crop_relative_path": "crops/siw_mv2/da35f4aff2be44fb7e0bebb8.jpg",
        "crop_sha256": "3ea34ec143e081bff1e941152b3238e630534afce9748f7dd42d81a7b849b70f",
        "detector_status": "success",
        "failure_reason": null,
        "status": "success",
        "label_live_spoof": "live",
        "spoof_family": null
      },
      {
        "source_video_id": "Live_136",
        "source_project_split": "train",
        "frame_index": 62,
        "timestamp_ms": 2068.7354020687353,
        "selected_frame_reference": null,
        "source_relative_identifier": "Live_136",
        "crop_relative_path": "crops/siw_mv2/f5f0fe7eff4f624b2b21d1d1.jpg",
        "crop_sha256": "a52bfacef19ee70725d259e989866cd5218a28aa2e3e46f1635f05d8e8d6a422",
        "detector_status": "success",
        "failure_reason": null,
        "status": "success",
        "label_live_spoof": "live",
        "spoof_family": null
      }
    ],
    "smoke": true,
    "target_labels_opened": false,
    "status": "SMOKE",
    "last_run_accounting": {
      "canonical_records_attempted": 2,
      "samples_selected": 8,
      "samples_successful": 8,
      "samples_failed": 0,
      "frames_read": 8,
      "detector_calls": 8,
      "crops_written": 8,
      "failures_by_code": {},
      "manifest_counts": {
        "source_frames": 8,
        "source_crops": 8,
        "target_frames": 0,
        "target_crops": 0,
        "preprocessing_failures": 0
      }
    }
  },
  "run_execution_result": {
    "canonical_records_attempted": 2,
    "samples_selected": 8,
    "samples_successful": 8,
    "samples_failed": 0,
    "frames_read": 8,
    "detector_calls": 8,
    "crops_written": 8,
    "failures_by_code": {},
    "manifest_counts": {
      "source_frames": 8,
      "source_crops": 8,
      "target_frames": 0,
      "target_crops": 0,
      "preprocessing_failures": 0
    }
  },
  "target_access": false,
  "llm_api_calls": 0,
  "rendering_performed": false,
  "training_performed": false,
  "gpat_fitting_performed": false
}
